STRATEGY: adaptive
============================================================
Cycle 1: green=A, duration=40s
  A: before=36, wait=0s
  B: before=3, wait=40s
  C: before=6, wait=51s
  total_wait_this_cycle=91s
Cycle 2: green=B, duration=21s
  A: before=20, wait=42s
  B: before=8, wait=0s
  C: before=8, wait=21s
  total_wait_this_cycle=63s
Cycle 3: green=C, duration=23s
  A: before=30, wait=23s
  B: before=3, wait=63s
  C: before=9, wait=0s
  total_wait_this_cycle=86s
Cycle 4: green=A, duration=40s
  A: before=42, wait=0s
  B: before=6, wait=40s
  C: before=1, wait=57s
  total_wait_this_cycle=97s
Cycle 5: green=B, duration=27s
  A: before=20, wait=40s
  B: before=11, wait=0s
  C: before=4, wait=27s
  total_wait_this_cycle=67s
Cycle 6: green=C, duration=17s
  A: before=34, wait=17s
  B: before=3, wait=57s
  C: before=6, wait=0s
  total_wait_this_cycle=74s
Cycle 7: green=A, duration=40s
  A: before=42, wait=0s
  B: before=5, wait=40s
  C: before=1, wait=55s
  total_wait_this_cycle=95s
Cycle 8: green=B, duration=25s
  A: before=20, wait=38s
  B: before=10, wait=0s
  C: before=4, wait=25s
  total_wait_this_cycle=63s
Cycle 9: green=C, duration=17s
  A: before=32, wait=17s
  B: before=3, wait=57s
  C: before=6, wait=0s
  total_wait_this_cycle=74s
Cycle 10: green=A, duration=40s
  A: before=40, wait=0s
  B: before=5, wait=40s
  C: before=1, wait=55s
  total_wait_this_cycle=95s
TOTAL_WAIT_ADAPTIVE=805s

STRATEGY: flat_30s
============================================================
Cycle 1: green=A, duration=30s
  A: before=36, wait=0s
  B: before=3, wait=30s
  C: before=6, wait=60s
  total_wait_this_cycle=90s
Cycle 2: green=B, duration=30s
  A: before=15, wait=60s
  B: before=7, wait=0s
  C: before=8, wait=30s
  total_wait_this_cycle=90s
Cycle 3: green=C, duration=30s
  A: before=30, wait=30s
  B: before=4, wait=60s
  C: before=10, wait=0s
  total_wait_this_cycle=90s
Cycle 4: green=A, duration=30s
  A: before=45, wait=0s
  B: before=8, wait=30s
  C: before=2, wait=60s
  total_wait_this_cycle=90s
Cycle 5: green=B, duration=30s
  A: before=15, wait=60s
  B: before=12, wait=0s
  C: before=4, wait=30s
  total_wait_this_cycle=90s
Cycle 6: green=C, duration=30s
  A: before=30, wait=30s
  B: before=4, wait=60s
  C: before=6, wait=0s
  total_wait_this_cycle=90s
Cycle 7: green=A, duration=30s
  A: before=45, wait=0s
  B: before=8, wait=30s
  C: before=2, wait=60s
  total_wait_this_cycle=90s
Cycle 8: green=B, duration=30s
  A: before=15, wait=60s
  B: before=12, wait=0s
  C: before=4, wait=30s
  total_wait_this_cycle=90s
Cycle 9: green=C, duration=30s
  A: before=30, wait=30s
  B: before=4, wait=60s
  C: before=6, wait=0s
  total_wait_this_cycle=90s
Cycle 10: green=A, duration=30s
  A: before=45, wait=0s
  B: before=8, wait=30s
  C: before=2, wait=60s
  total_wait_this_cycle=90s
TOTAL_WAIT_FLAT_30S=900s
